// Jest Snapshot v1, https://goo.gl/fbAQLP

exports[`App should render the App 1`] = `
Array [
  <h1>
    Task List demo
</h1>,
  <ul>
    <li>
        <input
            defaultChecked={false}
            type="checkbox"
        />
        Task 1
         [
        incomplete
        ]
    </li>
    <li>
        <input
            defaultChecked={true}
            type="checkbox"
        />
        Task 2
         [
        complete
        ]
    </li>
    <li>
        <input
            defaultChecked={false}
            type="checkbox"
        />
        Task 3
         [
        incomplete
        ]
    </li>
</ul>,
]
`;
